// Jest Snapshot v1, https://goo.gl/fbAQLP

exports[`should render AppRouter correctly 1`] = `
<StrictMode>
  <Header />
  <BrowserRouter>
    <Routes>
      <Route
        element={<Memo(Connect(App)) />}
        path="/"
      />
      <Route
        element={<Memo(Connect(Play)) />}
        path="/play"
      />
      <Route
        element={<Memo(Connect(Highscores)) />}
        path="/highscores"
      />
      <Route
        element={
          <Navigate
            to="/"
          />
        }
        path="*"
      />
    </Routes>
  </BrowserRouter>
</StrictMode>
`;
